OpenJDK 64-Bit Server VM (25.111-b14) for linux-amd64 JRE (1.8.0_111-8u111-b14-2ubuntu0.16.04.2-b14), built on Oct 27 2016 18:10:19 by "buildd" with gcc 5.4.0 20160609
Memory: 4k page, physical 8036420k(274524k free), swap 262140k(262140k free)
CommandLine flags: -XX:+DisableExplicitGC -XX:InitialHeapSize=1073741824 -XX:InitiatingHeapOccupancyPercent=35 -XX:+ManagementServer -XX:MaxGCPauseMillis=20 -XX:MaxHeapSize=1073741824 -XX:+PrintGC -XX:+PrintGCDateStamps -XX:+PrintGCDetails -XX:+PrintGCTimeStamps -XX:+UseCompressedClassPointers -XX:+UseCompressedOops -XX:+UseG1GC 
2016-11-21T18:04:06.663+0800: 1.831: [GC pause (G1 Evacuation Pause) (young), 0.0114234 secs]
   [Parallel Time: 6.2 ms, GC Workers: 4]
      [GC Worker Start (ms): Min: 1831.3, Avg: 1831.7, Max: 1832.7, Diff: 1.4]
      [Ext Root Scanning (ms): Min: 0.0, Avg: 0.8, Max: 1.2, Diff: 1.2, Sum: 3.1]
      [Update RS (ms): Min: 0.0, Avg: 0.0, Max: 0.0, Diff: 0.0, Sum: 0.0]
         [Processed Buffers: Min: 0, Avg: 0.0, Max: 0, Diff: 0, Sum: 0]
      [Scan RS (ms): Min: 0.0, Avg: 0.0, Max: 0.0, Diff: 0.0, Sum: 0.0]
      [Code Root Scanning (ms): Min: 0.0, Avg: 0.1, Max: 0.4, Diff: 0.4, Sum: 0.6]
      [Object Copy (ms): Min: 4.7, Avg: 4.8, Max: 4.9, Diff: 0.1, Sum: 19.3]
      [Termination (ms): Min: 0.0, Avg: 0.0, Max: 0.0, Diff: 0.0, Sum: 0.0]
         [Termination Attempts: Min: 1, Avg: 8.2, Max: 19, Diff: 18, Sum: 33]
      [GC Worker Other (ms): Min: 0.0, Avg: 0.0, Max: 0.0, Diff: 0.0, Sum: 0.0]
      [GC Worker Total (ms): Min: 4.8, Avg: 5.8, Max: 6.1, Diff: 1.4, Sum: 23.0]
      [GC Worker End (ms): Min: 1837.5, Avg: 1837.5, Max: 1837.5, Diff: 0.0]
   [Code Root Fixup: 0.1 ms]
   [Code Root Purge: 0.0 ms]
   [Clear CT: 0.1 ms]
   [Other: 5.0 ms]
      [Choose CSet: 0.0 ms]
      [Ref Proc: 4.8 ms]
      [Ref Enq: 0.0 ms]
      [Redirty Cards: 0.0 ms]
      [Humongous Register: 0.0 ms]
      [Humongous Reclaim: 0.0 ms]
      [Free CSet: 0.0 ms]
   [Eden: 51.0M(51.0M)->0.0B(44.0M) Survivors: 0.0B->7168.0K Heap: 51.0M(1024.0M)->7917.5K(1024.0M)]
 [Times: user=0.02 sys=0.01, real=0.02 secs] 
2016-11-21T18:04:07.590+0800: 2.759: [GC pause (G1 Evacuation Pause) (young), 0.0119692 secs]
   [Parallel Time: 5.5 ms, GC Workers: 4]
      [GC Worker Start (ms): Min: 2758.7, Avg: 2758.7, Max: 2758.7, Diff: 0.0]
      [Ext Root Scanning (ms): Min: 0.6, Avg: 0.8, Max: 1.3, Diff: 0.7, Sum: 3.3]
      [Update RS (ms): Min: 0.0, Avg: 0.0, Max: 0.1, Diff: 0.1, Sum: 0.1]
         [Processed Buffers: Min: 0, Avg: 0.2, Max: 1, Diff: 1, Sum: 1]
      [Scan RS (ms): Min: 0.0, Avg: 0.0, Max: 0.0, Diff: 0.0, Sum: 0.0]
      [Code Root Scanning (ms): Min: 0.0, Avg: 0.4, Max: 1.4, Diff: 1.4, Sum: 1.7]
      [Object Copy (ms): Min: 3.2, Avg: 4.1, Max: 4.5, Diff: 1.3, Sum: 16.4]
      [Termination (ms): Min: 0.0, Avg: 0.0, Max: 0.0, Diff: 0.0, Sum: 0.0]
         [Termination Attempts: Min: 1, Avg: 13.2, Max: 19, Diff: 18, Sum: 53]
      [GC Worker Other (ms): Min: 0.0, Avg: 0.0, Max: 0.0, Diff: 0.0, Sum: 0.0]
      [GC Worker Total (ms): Min: 5.4, Avg: 5.4, Max: 5.4, Diff: 0.0, Sum: 21.6]
      [GC Worker End (ms): Min: 2764.1, Avg: 2764.1, Max: 2764.1, Diff: 0.0]
   [Code Root Fixup: 0.2 ms]
   [Code Root Purge: 0.0 ms]
   [Clear CT: 0.1 ms]
   [Other: 6.2 ms]
      [Choose CSet: 0.0 ms]
      [Ref Proc: 5.8 ms]
      [Ref Enq: 0.0 ms]
      [Redirty Cards: 0.1 ms]
      [Humongous Register: 0.1 ms]
      [Humongous Reclaim: 0.0 ms]
      [Free CSet: 0.1 ms]
   [Eden: 44.0M(44.0M)->0.0B(44.0M) Survivors: 7168.0K->7168.0K Heap: 179.7M(1024.0M)->138.8M(1024.0M)]
 [Times: user=0.02 sys=0.01, real=0.01 secs] 
2016-11-21T18:07:41.169+0800: 216.338: [GC pause (Metadata GC Threshold) (young) (initial-mark), 0.0309904 secs]
   [Parallel Time: 26.5 ms, GC Workers: 4]
      [GC Worker Start (ms): Min: 216338.5, Avg: 216338.6, Max: 216338.8, Diff: 0.3]
      [Ext Root Scanning (ms): Min: 4.2, Avg: 5.3, Max: 6.3, Diff: 2.1, Sum: 21.1]
      [Update RS (ms): Min: 0.3, Avg: 0.7, Max: 1.0, Diff: 0.7, Sum: 2.9]
         [Processed Buffers: Min: 1, Avg: 1.2, Max: 2, Diff: 1, Sum: 5]
      [Scan RS (ms): Min: 0.0, Avg: 0.0, Max: 0.0, Diff: 0.0, Sum: 0.1]
      [Code Root Scanning (ms): Min: 0.3, Avg: 2.6, Max: 6.0, Diff: 5.8, Sum: 10.3]
      [Object Copy (ms): Min: 12.4, Avg: 14.8, Max: 17.9, Diff: 5.5, Sum: 59.3]
      [Termination (ms): Min: 0.0, Avg: 1.0, Max: 1.6, Diff: 1.6, Sum: 4.1]
         [Termination Attempts: Min: 1, Avg: 2.0, Max: 3, Diff: 2, Sum: 8]
      [GC Worker Other (ms): Min: 0.0, Avg: 0.0, Max: 0.0, Diff: 0.0, Sum: 0.1]
      [GC Worker Total (ms): Min: 23.9, Avg: 24.5, Max: 25.0, Diff: 1.0, Sum: 98.0]
      [GC Worker End (ms): Min: 216362.7, Avg: 216363.1, Max: 216363.5, Diff: 0.7]
   [Code Root Fixup: 0.8 ms]
   [Code Root Purge: 0.0 ms]
   [Clear CT: 0.1 ms]
   [Other: 3.6 ms]
      [Choose CSet: 0.0 ms]
      [Ref Proc: 3.0 ms]
      [Ref Enq: 0.0 ms]
      [Redirty Cards: 0.1 ms]
      [Humongous Register: 0.0 ms]
      [Humongous Reclaim: 0.0 ms]
      [Free CSet: 0.1 ms]
   [Eden: 14.0M(44.0M)->0.0B(47.0M) Survivors: 7168.0K->4096.0K Heap: 152.8M(1024.0M)->139.9M(1024.0M)]
 [Times: user=0.09 sys=0.00, real=0.03 secs] 
2016-11-21T18:07:41.201+0800: 216.369: [GC concurrent-root-region-scan-start]
2016-11-21T18:07:41.211+0800: 216.379: [GC concurrent-root-region-scan-end, 0.0099987 secs]
2016-11-21T18:07:41.211+0800: 216.379: [GC concurrent-mark-start]
2016-11-21T18:07:41.217+0800: 216.386: [GC concurrent-mark-end, 0.0063559 secs]
2016-11-21T18:07:41.217+0800: 216.386: [GC remark 2016-11-21T18:07:41.217+0800: 216.386: [Finalize Marking, 0.0001518 secs] 2016-11-21T18:07:41.217+0800: 216.386: [GC ref-proc, 0.0000766 secs] 2016-11-21T18:07:41.218+0800: 216.386: [Unloading, 0.0029894 secs], 0.0047081 secs]
 [Times: user=0.01 sys=0.00, real=0.00 secs] 
2016-11-21T18:07:41.222+0800: 216.391: [GC cleanup 140M->136M(1024M), 0.0008180 secs]
 [Times: user=0.00 sys=0.00, real=0.00 secs] 
2016-11-21T18:07:41.223+0800: 216.392: [GC concurrent-cleanup-start]
2016-11-21T18:07:41.223+0800: 216.392: [GC concurrent-cleanup-end, 0.0000098 secs]
Heap
 garbage-first heap   total 1048576K, used 139183K [0x00000000c0000000, 0x00000000c0102000, 0x0000000100000000)
  region size 1024K, 5 young (5120K), 4 survivors (4096K)
 Metaspace       used 20986K, capacity 21188K, committed 21504K, reserved 1067008K
  class space    used 2962K, capacity 3008K, committed 3072K, reserved 1048576K
